// Jest Snapshot v1, https://goo.gl/fbAQLP

exports[`.run() 1`] = `
Object {
  "stderr": "",
  "stdout": "WORKED --flag
",
}
`;
